
> portfolio@0.0.0 build
> vite build

vite v8.0.0 building client environment for production...
[2Ktransforming...✓ 2341 modules transformed.
rendering chunks...
✗ Build failed in 471ms
error during build:
Build failed with 3 errors:

[31m[MISSING_EXPORT] Error:[0m "Instagram" is not exported by "node_modules/lucide-react/dist/esm/lucide-react.mjs".
     [38;5;246m╭[0m[38;5;246m─[0m[38;5;246m[[0m src/components/Hero.jsx:138:10 [38;5;246m][0m
     [38;5;246m│[0m
 [38;5;246m138 │[0m [38;5;249mi[0m[38;5;249mm[0m[38;5;249mp[0m[38;5;249mo[0m[38;5;249mr[0m[38;5;249mt[0m[38;5;249m [0m[38;5;249m{[0m[38;5;249m [0mInstagram[38;5;249m,[0m[38;5;249m [0m[38;5;249mF[0m[38;5;249ma[0m[38;5;249mc[0m[38;5;249me[0m[38;5;249mb[0m[38;5;249mo[0m[38;5;249mo[0m[38;5;249mk[0m[38;5;249m,[0m[38;5;249m [0m[38;5;249mG[0m[38;5;249mi[0m[38;5;249mt[0m[38;5;249mh[0m[38;5;249mu[0m[38;5;249mb[0m[38;5;249m,[0m[38;5;249m [0m[38;5;249mM[0m[38;5;249ma[0m[38;5;249mi[0m[38;5;249ml[0m[38;5;249m [0m[38;5;249m}[0m[38;5;249m [0m[38;5;249mf[0m[38;5;249mr[0m[38;5;249mo[0m[38;5;249mm[0m[38;5;249m [0m[38;5;249m"[0m[38;5;249ml[0m[38;5;249mu[0m[38;5;249mc[0m[38;5;249mi[0m[38;5;249md[0m[38;5;249me[0m[38;5;249m-[0m[38;5;249mr[0m[38;5;249me[0m[38;5;249ma[0m[38;5;249mc[0m[38;5;249mt[0m[38;5;249m"[0m[38;5;249m;[0m
 [38;5;240m    │[0m          ────┬────  
 [38;5;240m    │[0m              ╰────── Missing export
[38;5;246m─────╯[0m

[31m[MISSING_EXPORT] Error:[0m "Facebook" is not exported by "node_modules/lucide-react/dist/esm/lucide-react.mjs".
     [38;5;246m╭[0m[38;5;246m─[0m[38;5;246m[[0m src/components/Hero.jsx:138:21 [38;5;246m][0m
     [38;5;246m│[0m
 [38;5;246m138 │[0m [38;5;249mi[0m[38;5;249mm[0m[38;5;249mp[0m[38;5;249mo[0m[38;5;249mr[0m[38;5;249mt[0m[38;5;249m [0m[38;5;249m{[0m[38;5;249m [0m[38;5;249mI[0m[38;5;249mn[0m[38;5;249ms[0m[38;5;249mt[0m[38;5;249ma[0m[38;5;249mg[0m[38;5;249mr[0m[38;5;249ma[0m[38;5;249mm[0m[38;5;249m,[0m[38;5;249m [0mFacebook[38;5;249m,[0m[38;5;249m [0m[38;5;249mG[0m[38;5;249mi[0m[38;5;249mt[0m[38;5;249mh[0m[38;5;249mu[0m[38;5;249mb[0m[38;5;249m,[0m[38;5;249m [0m[38;5;249mM[0m[38;5;249ma[0m[38;5;249mi[0m[38;5;249ml[0m[38;5;249m [0m[38;5;249m}[0m[38;5;249m [0m[38;5;249mf[0m[38;5;249mr[0m[38;5;249mo[0m[38;5;249mm[0m[38;5;249m [0m[38;5;249m"[0m[38;5;249ml[0m[38;5;249mu[0m[38;5;249mc[0m[38;5;249mi[0m[38;5;249md[0m[38;5;249me[0m[38;5;249m-[0m[38;5;249mr[0m[38;5;249me[0m[38;5;249ma[0m[38;5;249mc[0m[38;5;249mt[0m[38;5;249m"[0m[38;5;249m;[0m
 [38;5;240m    │[0m                     ────┬───  
 [38;5;240m    │[0m                         ╰───── Missing export
[38;5;246m─────╯[0m

[31m[MISSING_EXPORT] Error:[0m "Github" is not exported by "node_modules/lucide-react/dist/esm/lucide-react.mjs".
     [38;5;246m╭[0m[38;5;246m─[0m[38;5;246m[[0m src/components/Hero.jsx:138:31 [38;5;246m][0m
     [38;5;246m│[0m
 [38;5;246m138 │[0m [38;5;249mi[0m[38;5;249mm[0m[38;5;249mp[0m[38;5;249mo[0m[38;5;249mr[0m[38;5;249mt[0m[38;5;249m [0m[38;5;249m{[0m[38;5;249m [0m[38;5;249mI[0m[38;5;249mn[0m[38;5;249ms[0m[38;5;249mt[0m[38;5;249ma[0m[38;5;249mg[0m[38;5;249mr[0m[38;5;249ma[0m[38;5;249mm[0m[38;5;249m,[0m[38;5;249m [0m[38;5;249mF[0m[38;5;249ma[0m[38;5;249mc[0m[38;5;249me[0m[38;5;249mb[0m[38;5;249mo[0m[38;5;249mo[0m[38;5;249mk[0m[38;5;249m,[0m[38;5;249m [0mGithub[38;5;249m,[0m[38;5;249m [0m[38;5;249mM[0m[38;5;249ma[0m[38;5;249mi[0m[38;5;249ml[0m[38;5;249m [0m[38;5;249m}[0m[38;5;249m [0m[38;5;249mf[0m[38;5;249mr[0m[38;5;249mo[0m[38;5;249mm[0m[38;5;249m [0m[38;5;249m"[0m[38;5;249ml[0m[38;5;249mu[0m[38;5;249mc[0m[38;5;249mi[0m[38;5;249md[0m[38;5;249me[0m[38;5;249m-[0m[38;5;249mr[0m[38;5;249me[0m[38;5;249ma[0m[38;5;249mc[0m[38;5;249mt[0m[38;5;249m"[0m[38;5;249m;[0m
 [38;5;240m    │[0m                               ───┬──  
 [38;5;240m    │[0m                                  ╰──── Missing export
[38;5;246m─────╯[0m

    at aggregateBindingErrorsIntoJsError (file:///Users/amansinghkaushik/Documents/Portfolio/portfolio/node_modules/rolldown/dist/shared/error-CP8smW_P.mjs:48:18)
    at unwrapBindingResult (file:///Users/amansinghkaushik/Documents/Portfolio/portfolio/node_modules/rolldown/dist/shared/error-CP8smW_P.mjs:18:128)
    at #build (file:///Users/amansinghkaushik/Documents/Portfolio/portfolio/node_modules/rolldown/dist/shared/rolldown-build-4YnQkA76.mjs:3311:34)
    at async buildEnvironment (file:///Users/amansinghkaushik/Documents/Portfolio/portfolio/node_modules/vite/dist/node/chunks/node.js:32794:64)
    at async Object.build (file:///Users/amansinghkaushik/Documents/Portfolio/portfolio/node_modules/vite/dist/node/chunks/node.js:33216:19)
    at async Object.buildApp (file:///Users/amansinghkaushik/Documents/Portfolio/portfolio/node_modules/vite/dist/node/chunks/node.js:33213:153)
    at async CAC.<anonymous> (file:///Users/amansinghkaushik/Documents/Portfolio/portfolio/node_modules/vite/dist/node/cli.js:778:3) {
  errors: [Getter/Setter]
}
